// Vitest Snapshot v1, https://vitest.dev/guide/snapshot.html

exports[`DropdownMenu > should render all DropdownMenu components > expected html 1`] = `
<div>
  <button
    aria-expanded="false"
    aria-haspopup="menu"
    data-state="closed"
    id="radix-«r0»"
    type="button"
  >
    Open
  </button>
</div>
`;
